// Jest Snapshot v1, https://goo.gl/fbAQLP

exports[`should render HintHunt correctly 1`] = `
ShallowWrapper {
  Symbol(enzyme.__root__): [Circular],
  Symbol(enzyme.__unrendered__): <HintHunt />,
  Symbol(enzyme.__renderer__): Object {
    "batchedUpdates": [Function],
    "getNode": [Function],
    "render": [Function],
    "simulateError": [Function],
    "simulateEvent": [Function],
    "unmount": [Function],
  },
  Symbol(enzyme.__node__): Object {
    "instance": null,
    "key": undefined,
    "nodeType": "host",
    "props": Object {
      "children": Array [
        <Modal
          buttonText="Play Now"
          hideModal={[Function]}
          text="Today's Date - Theme of Puzzle"
        />,
        <h1
          className="hinthunt_header"
        >
          Hint Hunt
        </h1>,
        <div
          className="hinthunt_main"
        >
          <div
            className="hinthunt_icon"
          />
          <div
            className="hinthunt_sideinfo"
          >
            <SideInfo
              clues={
                Object {
                  "3 'Before' Movie Titles": Array [
                    "SUNRISE",
                    "SUNSET",
                    "MIDNIGHT",
                  ],
                  "3 Marvel Superheroes": Array [
                    "SPIDERMAN",
                    "DAREDEVIL",
                    "WOLVERINE",
                  ],
                  "3 Music Genres": Array [
                    "BLUES",
                    "METAL",
                    "DISCO",
                  ],
                  "3 Starter Pokemon": Array [
                    "BULBASAUR",
                    "CHARMANDER",
                    "SQUIRTLE",
                  ],
                  "3 Synonyms for Happy": Array [
                    "CHEERFUL",
                    "GLAD",
                    "MERRY",
                  ],
                }
              }
            />
          </div>
          <div
            className="hinthunt_board"
          >
            <Board
              addChild={[Function]}
              columns={13}
              handleGuess={[Function]}
              letters={
                Array [
                  "X",
                  "P",
                  "J",
                  "S",
                  "C",
                  "L",
                  "C",
                  "H",
                  "S",
                  "B",
                  "Q",
                  "V",
                  "E",
                  "G",
                  "G",
                  "V",
                  "U",
                  "A",
                  "C",
                  "Y",
                  "U",
                  "Q",
                  "E",
                  "F",
                  "U",
                  "X",
                  "T",
                  "B",
                  "E",
                  "N",
                  "M",
                  "J",
                  "G",
                  "G",
                  "U",
                  "C",
                  "S",
                  "B",
                  "I",
                  "H",
                  "H",
                  "N",
                  "S",
                  "E",
                  "S",
                  "Q",
                  "R",
                  "I",
                  "A",
                  "Q",
                  "G",
                  "S",
                  "G",
                  "L",
                  "I",
                  "E",
                  "T",
                  "V",
                  "Z",
                  "C",
                  "R",
                  "D",
                  "X",
                  "L",
                  "P",
                  "I",
                  "U",
                  "R",
                  "T",
                  "A",
                  "Z",
                  "G",
                  "H",
                  "T",
                  "B",
                  "D",
                  "A",
                  "I",
                  "N",
                  "F",
                  "E",
                  "M",
                  "L",
                  "F",
                  "E",
                  "A",
                  "L",
                  "U",
                  "A",
                  "D",
                  "D",
                  "D",
                  "R",
                  "V",
                  "H",
                  "R",
                  "M",
                  "S",
                  "R",
                  "E",
                  "L",
                  "R",
                  "R",
                  "E",
                  "I",
                  "E",
                  "L",
                  "X",
                  "L",
                  "E",
                  "I",
                  "M",
                  "R",
                  "B",
                  "E",
                  "U",
                  "R",
                  "M",
                  "E",
                  "O",
                  "C",
                  "Q",
                  "R",
                  "R",
                  "A",
                  "S",
                  "A",
                  "D",
                  "O",
                  "M",
                  "J",
                  "H",
                  "W",
                  "I",
                  "C",
                  "R",
                  "N",
                  "N",
                  "M",
                  "S",
                  "E",
                  "C",
                  "A",
                  "D",
                  "C",
                  "J",
                  "C",
                  "N",
                  "Y",
                  "U",
                  "D",
                  "S",
                  "A",
                  "V",
                  "S",
                  "N",
                  "N",
                  "B",
                  "L",
                  "U",
                  "E",
                  "S",
                  "S",
                  "E",
                  "K",
                  "U",
                  "I",
                  "I",
                  "P",
                  "R",
                  "S",
                  "R",
                  "G",
                  "X",
                  "V",
                  "R",
                  "R",
                  "X",
                  "R",
                  "L",
                  "D",
                  "L",
                ]
              }
            />
          </div>
        </div>,
      ],
      "className": "hinthunt",
    },
    "ref": null,
    "rendered": Array [
      Object {
        "instance": null,
        "key": undefined,
        "nodeType": "function",
        "props": Object {
          "buttonText": "Play Now",
          "hideModal": [Function],
          "text": "Today's Date - Theme of Puzzle",
        },
        "ref": null,
        "rendered": null,
        "type": [Function],
      },
      Object {
        "instance": null,
        "key": undefined,
        "nodeType": "host",
        "props": Object {
          "children": "Hint Hunt",
          "className": "hinthunt_header",
        },
        "ref": null,
        "rendered": "Hint Hunt",
        "type": "h1",
      },
      Object {
        "instance": null,
        "key": undefined,
        "nodeType": "host",
        "props": Object {
          "children": Array [
            <div
              className="hinthunt_icon"
            />,
            <div
              className="hinthunt_sideinfo"
            >
              <SideInfo
                clues={
                  Object {
                    "3 'Before' Movie Titles": Array [
                      "SUNRISE",
                      "SUNSET",
                      "MIDNIGHT",
                    ],
                    "3 Marvel Superheroes": Array [
                      "SPIDERMAN",
                      "DAREDEVIL",
                      "WOLVERINE",
                    ],
                    "3 Music Genres": Array [
                      "BLUES",
                      "METAL",
                      "DISCO",
                    ],
                    "3 Starter Pokemon": Array [
                      "BULBASAUR",
                      "CHARMANDER",
                      "SQUIRTLE",
                    ],
                    "3 Synonyms for Happy": Array [
                      "CHEERFUL",
                      "GLAD",
                      "MERRY",
                    ],
                  }
                }
              />
            </div>,
            <div
              className="hinthunt_board"
            >
              <Board
                addChild={[Function]}
                columns={13}
                handleGuess={[Function]}
                letters={
                  Array [
                    "X",
                    "P",
                    "J",
                    "S",
                    "C",
                    "L",
                    "C",
                    "H",
                    "S",
                    "B",
                    "Q",
                    "V",
                    "E",
                    "G",
                    "G",
                    "V",
                    "U",
                    "A",
                    "C",
                    "Y",
                    "U",
                    "Q",
                    "E",
                    "F",
                    "U",
                    "X",
                    "T",
                    "B",
                    "E",
                    "N",
                    "M",
                    "J",
                    "G",
                    "G",
                    "U",
                    "C",
                    "S",
                    "B",
                    "I",
                    "H",
                    "H",
                    "N",
                    "S",
                    "E",
                    "S",
                    "Q",
                    "R",
                    "I",
                    "A",
                    "Q",
                    "G",
                    "S",
                    "G",
                    "L",
                    "I",
                    "E",
                    "T",
                    "V",
                    "Z",
                    "C",
                    "R",
                    "D",
                    "X",
                    "L",
                    "P",
                    "I",
                    "U",
                    "R",
                    "T",
                    "A",
                    "Z",
                    "G",
                    "H",
                    "T",
                    "B",
                    "D",
                    "A",
                    "I",
                    "N",
                    "F",
                    "E",
                    "M",
                    "L",
                    "F",
                    "E",
                    "A",
                    "L",
                    "U",
                    "A",
                    "D",
                    "D",
                    "D",
                    "R",
                    "V",
                    "H",
                    "R",
                    "M",
                    "S",
                    "R",
                    "E",
                    "L",
                    "R",
                    "R",
                    "E",
                    "I",
                    "E",
                    "L",
                    "X",
                    "L",
                    "E",
                    "I",
                    "M",
                    "R",
                    "B",
                    "E",
                    "U",
                    "R",
                    "M",
                    "E",
                    "O",
                    "C",
                    "Q",
                    "R",
                    "R",
                    "A",
                    "S",
                    "A",
                    "D",
                    "O",
                    "M",
                    "J",
                    "H",
                    "W",
                    "I",
                    "C",
                    "R",
                    "N",
                    "N",
                    "M",
                    "S",
                    "E",
                    "C",
                    "A",
                    "D",
                    "C",
                    "J",
                    "C",
                    "N",
                    "Y",
                    "U",
                    "D",
                    "S",
                    "A",
                    "V",
                    "S",
                    "N",
                    "N",
                    "B",
                    "L",
                    "U",
                    "E",
                    "S",
                    "S",
                    "E",
                    "K",
                    "U",
                    "I",
                    "I",
                    "P",
                    "R",
                    "S",
                    "R",
                    "G",
                    "X",
                    "V",
                    "R",
                    "R",
                    "X",
                    "R",
                    "L",
                    "D",
                    "L",
                  ]
                }
              />
            </div>,
          ],
          "className": "hinthunt_main",
        },
        "ref": null,
        "rendered": Array [
          Object {
            "instance": null,
            "key": undefined,
            "nodeType": "host",
            "props": Object {
              "className": "hinthunt_icon",
            },
            "ref": null,
            "rendered": null,
            "type": "div",
          },
          Object {
            "instance": null,
            "key": undefined,
            "nodeType": "host",
            "props": Object {
              "children": <SideInfo
                clues={
                  Object {
                    "3 'Before' Movie Titles": Array [
                      "SUNRISE",
                      "SUNSET",
                      "MIDNIGHT",
                    ],
                    "3 Marvel Superheroes": Array [
                      "SPIDERMAN",
                      "DAREDEVIL",
                      "WOLVERINE",
                    ],
                    "3 Music Genres": Array [
                      "BLUES",
                      "METAL",
                      "DISCO",
                    ],
                    "3 Starter Pokemon": Array [
                      "BULBASAUR",
                      "CHARMANDER",
                      "SQUIRTLE",
                    ],
                    "3 Synonyms for Happy": Array [
                      "CHEERFUL",
                      "GLAD",
                      "MERRY",
                    ],
                  }
                }
              />,
              "className": "hinthunt_sideinfo",
            },
            "ref": null,
            "rendered": Object {
              "instance": null,
              "key": undefined,
              "nodeType": "function",
              "props": Object {
                "clues": Object {
                  "3 'Before' Movie Titles": Array [
                    "SUNRISE",
                    "SUNSET",
                    "MIDNIGHT",
                  ],
                  "3 Marvel Superheroes": Array [
                    "SPIDERMAN",
                    "DAREDEVIL",
                    "WOLVERINE",
                  ],
                  "3 Music Genres": Array [
                    "BLUES",
                    "METAL",
                    "DISCO",
                  ],
                  "3 Starter Pokemon": Array [
                    "BULBASAUR",
                    "CHARMANDER",
                    "SQUIRTLE",
                  ],
                  "3 Synonyms for Happy": Array [
                    "CHEERFUL",
                    "GLAD",
                    "MERRY",
                  ],
                },
              },
              "ref": null,
              "rendered": null,
              "type": [Function],
            },
            "type": "div",
          },
          Object {
            "instance": null,
            "key": undefined,
            "nodeType": "host",
            "props": Object {
              "children": <Board
                addChild={[Function]}
                columns={13}
                handleGuess={[Function]}
                letters={
                  Array [
                    "X",
                    "P",
                    "J",
                    "S",
                    "C",
                    "L",
                    "C",
                    "H",
                    "S",
                    "B",
                    "Q",
                    "V",
                    "E",
                    "G",
                    "G",
                    "V",
                    "U",
                    "A",
                    "C",
                    "Y",
                    "U",
                    "Q",
                    "E",
                    "F",
                    "U",
                    "X",
                    "T",
                    "B",
                    "E",
                    "N",
                    "M",
                    "J",
                    "G",
                    "G",
                    "U",
                    "C",
                    "S",
                    "B",
                    "I",
                    "H",
                    "H",
                    "N",
                    "S",
                    "E",
                    "S",
                    "Q",
                    "R",
                    "I",
                    "A",
                    "Q",
                    "G",
                    "S",
                    "G",
                    "L",
                    "I",
                    "E",
                    "T",
                    "V",
                    "Z",
                    "C",
                    "R",
                    "D",
                    "X",
                    "L",
                    "P",
                    "I",
                    "U",
                    "R",
                    "T",
                    "A",
                    "Z",
                    "G",
                    "H",
                    "T",
                    "B",
                    "D",
                    "A",
                    "I",
                    "N",
                    "F",
                    "E",
                    "M",
                    "L",
                    "F",
                    "E",
                    "A",
                    "L",
                    "U",
                    "A",
                    "D",
                    "D",
                    "D",
                    "R",
                    "V",
                    "H",
                    "R",
                    "M",
                    "S",
                    "R",
                    "E",
                    "L",
                    "R",
                    "R",
                    "E",
                    "I",
                    "E",
                    "L",
                    "X",
                    "L",
                    "E",
                    "I",
                    "M",
                    "R",
                    "B",
                    "E",
                    "U",
                    "R",
                    "M",
                    "E",
                    "O",
                    "C",
                    "Q",
                    "R",
                    "R",
                    "A",
                    "S",
                    "A",
                    "D",
                    "O",
                    "M",
                    "J",
                    "H",
                    "W",
                    "I",
                    "C",
                    "R",
                    "N",
                    "N",
                    "M",
                    "S",
                    "E",
                    "C",
                    "A",
                    "D",
                    "C",
                    "J",
                    "C",
                    "N",
                    "Y",
                    "U",
                    "D",
                    "S",
                    "A",
                    "V",
                    "S",
                    "N",
                    "N",
                    "B",
                    "L",
                    "U",
                    "E",
                    "S",
                    "S",
                    "E",
                    "K",
                    "U",
                    "I",
                    "I",
                    "P",
                    "R",
                    "S",
                    "R",
                    "G",
                    "X",
                    "V",
                    "R",
                    "R",
                    "X",
                    "R",
                    "L",
                    "D",
                    "L",
                  ]
                }
              />,
              "className": "hinthunt_board",
            },
            "ref": null,
            "rendered": Object {
              "instance": null,
              "key": undefined,
              "nodeType": "class",
              "props": Object {
                "addChild": [Function],
                "columns": 13,
                "handleGuess": [Function],
                "letters": Array [
                  "X",
                  "P",
                  "J",
                  "S",
                  "C",
                  "L",
                  "C",
                  "H",
                  "S",
                  "B",
                  "Q",
                  "V",
                  "E",
                  "G",
                  "G",
                  "V",
                  "U",
                  "A",
                  "C",
                  "Y",
                  "U",
                  "Q",
                  "E",
                  "F",
                  "U",
                  "X",
                  "T",
                  "B",
                  "E",
                  "N",
                  "M",
                  "J",
                  "G",
                  "G",
                  "U",
                  "C",
                  "S",
                  "B",
                  "I",
                  "H",
                  "H",
                  "N",
                  "S",
                  "E",
                  "S",
                  "Q",
                  "R",
                  "I",
                  "A",
                  "Q",
                  "G",
                  "S",
                  "G",
                  "L",
                  "I",
                  "E",
                  "T",
                  "V",
                  "Z",
                  "C",
                  "R",
                  "D",
                  "X",
                  "L",
                  "P",
                  "I",
                  "U",
                  "R",
                  "T",
                  "A",
                  "Z",
                  "G",
                  "H",
                  "T",
                  "B",
                  "D",
                  "A",
                  "I",
                  "N",
                  "F",
                  "E",
                  "M",
                  "L",
                  "F",
                  "E",
                  "A",
                  "L",
                  "U",
                  "A",
                  "D",
                  "D",
                  "D",
                  "R",
                  "V",
                  "H",
                  "R",
                  "M",
                  "S",
                  "R",
                  "E",
                  "L",
                  "R",
                  "R",
                  "E",
                  "I",
                  "E",
                  "L",
                  "X",
                  "L",
                  "E",
                  "I",
                  "M",
                  "R",
                  "B",
                  "E",
                  "U",
                  "R",
                  "M",
                  "E",
                  "O",
                  "C",
                  "Q",
                  "R",
                  "R",
                  "A",
                  "S",
                  "A",
                  "D",
                  "O",
                  "M",
                  "J",
                  "H",
                  "W",
                  "I",
                  "C",
                  "R",
                  "N",
                  "N",
                  "M",
                  "S",
                  "E",
                  "C",
                  "A",
                  "D",
                  "C",
                  "J",
                  "C",
                  "N",
                  "Y",
                  "U",
                  "D",
                  "S",
                  "A",
                  "V",
                  "S",
                  "N",
                  "N",
                  "B",
                  "L",
                  "U",
                  "E",
                  "S",
                  "S",
                  "E",
                  "K",
                  "U",
                  "I",
                  "I",
                  "P",
                  "R",
                  "S",
                  "R",
                  "G",
                  "X",
                  "V",
                  "R",
                  "R",
                  "X",
                  "R",
                  "L",
                  "D",
                  "L",
                ],
              },
              "ref": null,
              "rendered": null,
              "type": [Function],
            },
            "type": "div",
          },
        ],
        "type": "div",
      },
    ],
    "type": "div",
  },
  Symbol(enzyme.__nodes__): Array [
    Object {
      "instance": null,
      "key": undefined,
      "nodeType": "host",
      "props": Object {
        "children": Array [
          <Modal
            buttonText="Play Now"
            hideModal={[Function]}
            text="Today's Date - Theme of Puzzle"
          />,
          <h1
            className="hinthunt_header"
          >
            Hint Hunt
          </h1>,
          <div
            className="hinthunt_main"
          >
            <div
              className="hinthunt_icon"
            />
            <div
              className="hinthunt_sideinfo"
            >
              <SideInfo
                clues={
                  Object {
                    "3 'Before' Movie Titles": Array [
                      "SUNRISE",
                      "SUNSET",
                      "MIDNIGHT",
                    ],
                    "3 Marvel Superheroes": Array [
                      "SPIDERMAN",
                      "DAREDEVIL",
                      "WOLVERINE",
                    ],
                    "3 Music Genres": Array [
                      "BLUES",
                      "METAL",
                      "DISCO",
                    ],
                    "3 Starter Pokemon": Array [
                      "BULBASAUR",
                      "CHARMANDER",
                      "SQUIRTLE",
                    ],
                    "3 Synonyms for Happy": Array [
                      "CHEERFUL",
                      "GLAD",
                      "MERRY",
                    ],
                  }
                }
              />
            </div>
            <div
              className="hinthunt_board"
            >
              <Board
                addChild={[Function]}
                columns={13}
                handleGuess={[Function]}
                letters={
                  Array [
                    "X",
                    "P",
                    "J",
                    "S",
                    "C",
                    "L",
                    "C",
                    "H",
                    "S",
                    "B",
                    "Q",
                    "V",
                    "E",
                    "G",
                    "G",
                    "V",
                    "U",
                    "A",
                    "C",
                    "Y",
                    "U",
                    "Q",
                    "E",
                    "F",
                    "U",
                    "X",
                    "T",
                    "B",
                    "E",
                    "N",
                    "M",
                    "J",
                    "G",
                    "G",
                    "U",
                    "C",
                    "S",
                    "B",
                    "I",
                    "H",
                    "H",
                    "N",
                    "S",
                    "E",
                    "S",
                    "Q",
                    "R",
                    "I",
                    "A",
                    "Q",
                    "G",
                    "S",
                    "G",
                    "L",
                    "I",
                    "E",
                    "T",
                    "V",
                    "Z",
                    "C",
                    "R",
                    "D",
                    "X",
                    "L",
                    "P",
                    "I",
                    "U",
                    "R",
                    "T",
                    "A",
                    "Z",
                    "G",
                    "H",
                    "T",
                    "B",
                    "D",
                    "A",
                    "I",
                    "N",
                    "F",
                    "E",
                    "M",
                    "L",
                    "F",
                    "E",
                    "A",
                    "L",
                    "U",
                    "A",
                    "D",
                    "D",
                    "D",
                    "R",
                    "V",
                    "H",
                    "R",
                    "M",
                    "S",
                    "R",
                    "E",
                    "L",
                    "R",
                    "R",
                    "E",
                    "I",
                    "E",
                    "L",
                    "X",
                    "L",
                    "E",
                    "I",
                    "M",
                    "R",
                    "B",
                    "E",
                    "U",
                    "R",
                    "M",
                    "E",
                    "O",
                    "C",
                    "Q",
                    "R",
                    "R",
                    "A",
                    "S",
                    "A",
                    "D",
                    "O",
                    "M",
                    "J",
                    "H",
                    "W",
                    "I",
                    "C",
                    "R",
                    "N",
                    "N",
                    "M",
                    "S",
                    "E",
                    "C",
                    "A",
                    "D",
                    "C",
                    "J",
                    "C",
                    "N",
                    "Y",
                    "U",
                    "D",
                    "S",
                    "A",
                    "V",
                    "S",
                    "N",
                    "N",
                    "B",
                    "L",
                    "U",
                    "E",
                    "S",
                    "S",
                    "E",
                    "K",
                    "U",
                    "I",
                    "I",
                    "P",
                    "R",
                    "S",
                    "R",
                    "G",
                    "X",
                    "V",
                    "R",
                    "R",
                    "X",
                    "R",
                    "L",
                    "D",
                    "L",
                  ]
                }
              />
            </div>
          </div>,
        ],
        "className": "hinthunt",
      },
      "ref": null,
      "rendered": Array [
        Object {
          "instance": null,
          "key": undefined,
          "nodeType": "function",
          "props": Object {
            "buttonText": "Play Now",
            "hideModal": [Function],
            "text": "Today's Date - Theme of Puzzle",
          },
          "ref": null,
          "rendered": null,
          "type": [Function],
        },
        Object {
          "instance": null,
          "key": undefined,
          "nodeType": "host",
          "props": Object {
            "children": "Hint Hunt",
            "className": "hinthunt_header",
          },
          "ref": null,
          "rendered": "Hint Hunt",
          "type": "h1",
        },
        Object {
          "instance": null,
          "key": undefined,
          "nodeType": "host",
          "props": Object {
            "children": Array [
              <div
                className="hinthunt_icon"
              />,
              <div
                className="hinthunt_sideinfo"
              >
                <SideInfo
                  clues={
                    Object {
                      "3 'Before' Movie Titles": Array [
                        "SUNRISE",
                        "SUNSET",
                        "MIDNIGHT",
                      ],
                      "3 Marvel Superheroes": Array [
                        "SPIDERMAN",
                        "DAREDEVIL",
                        "WOLVERINE",
                      ],
                      "3 Music Genres": Array [
                        "BLUES",
                        "METAL",
                        "DISCO",
                      ],
                      "3 Starter Pokemon": Array [
                        "BULBASAUR",
                        "CHARMANDER",
                        "SQUIRTLE",
                      ],
                      "3 Synonyms for Happy": Array [
                        "CHEERFUL",
                        "GLAD",
                        "MERRY",
                      ],
                    }
                  }
                />
              </div>,
              <div
                className="hinthunt_board"
              >
                <Board
                  addChild={[Function]}
                  columns={13}
                  handleGuess={[Function]}
                  letters={
                    Array [
                      "X",
                      "P",
                      "J",
                      "S",
                      "C",
                      "L",
                      "C",
                      "H",
                      "S",
                      "B",
                      "Q",
                      "V",
                      "E",
                      "G",
                      "G",
                      "V",
                      "U",
                      "A",
                      "C",
                      "Y",
                      "U",
                      "Q",
                      "E",
                      "F",
                      "U",
                      "X",
                      "T",
                      "B",
                      "E",
                      "N",
                      "M",
                      "J",
                      "G",
                      "G",
                      "U",
                      "C",
                      "S",
                      "B",
                      "I",
                      "H",
                      "H",
                      "N",
                      "S",
                      "E",
                      "S",
                      "Q",
                      "R",
                      "I",
                      "A",
                      "Q",
                      "G",
                      "S",
                      "G",
                      "L",
                      "I",
                      "E",
                      "T",
                      "V",
                      "Z",
                      "C",
                      "R",
                      "D",
                      "X",
                      "L",
                      "P",
                      "I",
                      "U",
                      "R",
                      "T",
                      "A",
                      "Z",
                      "G",
                      "H",
                      "T",
                      "B",
                      "D",
                      "A",
                      "I",
                      "N",
                      "F",
                      "E",
                      "M",
                      "L",
                      "F",
                      "E",
                      "A",
                      "L",
                      "U",
                      "A",
                      "D",
                      "D",
                      "D",
                      "R",
                      "V",
                      "H",
                      "R",
                      "M",
                      "S",
                      "R",
                      "E",
                      "L",
                      "R",
                      "R",
                      "E",
                      "I",
                      "E",
                      "L",
                      "X",
                      "L",
                      "E",
                      "I",
                      "M",
                      "R",
                      "B",
                      "E",
                      "U",
                      "R",
                      "M",
                      "E",
                      "O",
                      "C",
                      "Q",
                      "R",
                      "R",
                      "A",
                      "S",
                      "A",
                      "D",
                      "O",
                      "M",
                      "J",
                      "H",
                      "W",
                      "I",
                      "C",
                      "R",
                      "N",
                      "N",
                      "M",
                      "S",
                      "E",
                      "C",
                      "A",
                      "D",
                      "C",
                      "J",
                      "C",
                      "N",
                      "Y",
                      "U",
                      "D",
                      "S",
                      "A",
                      "V",
                      "S",
                      "N",
                      "N",
                      "B",
                      "L",
                      "U",
                      "E",
                      "S",
                      "S",
                      "E",
                      "K",
                      "U",
                      "I",
                      "I",
                      "P",
                      "R",
                      "S",
                      "R",
                      "G",
                      "X",
                      "V",
                      "R",
                      "R",
                      "X",
                      "R",
                      "L",
                      "D",
                      "L",
                    ]
                  }
                />
              </div>,
            ],
            "className": "hinthunt_main",
          },
          "ref": null,
          "rendered": Array [
            Object {
              "instance": null,
              "key": undefined,
              "nodeType": "host",
              "props": Object {
                "className": "hinthunt_icon",
              },
              "ref": null,
              "rendered": null,
              "type": "div",
            },
            Object {
              "instance": null,
              "key": undefined,
              "nodeType": "host",
              "props": Object {
                "children": <SideInfo
                  clues={
                    Object {
                      "3 'Before' Movie Titles": Array [
                        "SUNRISE",
                        "SUNSET",
                        "MIDNIGHT",
                      ],
                      "3 Marvel Superheroes": Array [
                        "SPIDERMAN",
                        "DAREDEVIL",
                        "WOLVERINE",
                      ],
                      "3 Music Genres": Array [
                        "BLUES",
                        "METAL",
                        "DISCO",
                      ],
                      "3 Starter Pokemon": Array [
                        "BULBASAUR",
                        "CHARMANDER",
                        "SQUIRTLE",
                      ],
                      "3 Synonyms for Happy": Array [
                        "CHEERFUL",
                        "GLAD",
                        "MERRY",
                      ],
                    }
                  }
                />,
                "className": "hinthunt_sideinfo",
              },
              "ref": null,
              "rendered": Object {
                "instance": null,
                "key": undefined,
                "nodeType": "function",
                "props": Object {
                  "clues": Object {
                    "3 'Before' Movie Titles": Array [
                      "SUNRISE",
                      "SUNSET",
                      "MIDNIGHT",
                    ],
                    "3 Marvel Superheroes": Array [
                      "SPIDERMAN",
                      "DAREDEVIL",
                      "WOLVERINE",
                    ],
                    "3 Music Genres": Array [
                      "BLUES",
                      "METAL",
                      "DISCO",
                    ],
                    "3 Starter Pokemon": Array [
                      "BULBASAUR",
                      "CHARMANDER",
                      "SQUIRTLE",
                    ],
                    "3 Synonyms for Happy": Array [
                      "CHEERFUL",
                      "GLAD",
                      "MERRY",
                    ],
                  },
                },
                "ref": null,
                "rendered": null,
                "type": [Function],
              },
              "type": "div",
            },
            Object {
              "instance": null,
              "key": undefined,
              "nodeType": "host",
              "props": Object {
                "children": <Board
                  addChild={[Function]}
                  columns={13}
                  handleGuess={[Function]}
                  letters={
                    Array [
                      "X",
                      "P",
                      "J",
                      "S",
                      "C",
                      "L",
                      "C",
                      "H",
                      "S",
                      "B",
                      "Q",
                      "V",
                      "E",
                      "G",
                      "G",
                      "V",
                      "U",
                      "A",
                      "C",
                      "Y",
                      "U",
                      "Q",
                      "E",
                      "F",
                      "U",
                      "X",
                      "T",
                      "B",
                      "E",
                      "N",
                      "M",
                      "J",
                      "G",
                      "G",
                      "U",
                      "C",
                      "S",
                      "B",
                      "I",
                      "H",
                      "H",
                      "N",
                      "S",
                      "E",
                      "S",
                      "Q",
                      "R",
                      "I",
                      "A",
                      "Q",
                      "G",
                      "S",
                      "G",
                      "L",
                      "I",
                      "E",
                      "T",
                      "V",
                      "Z",
                      "C",
                      "R",
                      "D",
                      "X",
                      "L",
                      "P",
                      "I",
                      "U",
                      "R",
                      "T",
                      "A",
                      "Z",
                      "G",
                      "H",
                      "T",
                      "B",
                      "D",
                      "A",
                      "I",
                      "N",
                      "F",
                      "E",
                      "M",
                      "L",
                      "F",
                      "E",
                      "A",
                      "L",
                      "U",
                      "A",
                      "D",
                      "D",
                      "D",
                      "R",
                      "V",
                      "H",
                      "R",
                      "M",
                      "S",
                      "R",
                      "E",
                      "L",
                      "R",
                      "R",
                      "E",
                      "I",
                      "E",
                      "L",
                      "X",
                      "L",
                      "E",
                      "I",
                      "M",
                      "R",
                      "B",
                      "E",
                      "U",
                      "R",
                      "M",
                      "E",
                      "O",
                      "C",
                      "Q",
                      "R",
                      "R",
                      "A",
                      "S",
                      "A",
                      "D",
                      "O",
                      "M",
                      "J",
                      "H",
                      "W",
                      "I",
                      "C",
                      "R",
                      "N",
                      "N",
                      "M",
                      "S",
                      "E",
                      "C",
                      "A",
                      "D",
                      "C",
                      "J",
                      "C",
                      "N",
                      "Y",
                      "U",
                      "D",
                      "S",
                      "A",
                      "V",
                      "S",
                      "N",
                      "N",
                      "B",
                      "L",
                      "U",
                      "E",
                      "S",
                      "S",
                      "E",
                      "K",
                      "U",
                      "I",
                      "I",
                      "P",
                      "R",
                      "S",
                      "R",
                      "G",
                      "X",
                      "V",
                      "R",
                      "R",
                      "X",
                      "R",
                      "L",
                      "D",
                      "L",
                    ]
                  }
                />,
                "className": "hinthunt_board",
              },
              "ref": null,
              "rendered": Object {
                "instance": null,
                "key": undefined,
                "nodeType": "class",
                "props": Object {
                  "addChild": [Function],
                  "columns": 13,
                  "handleGuess": [Function],
                  "letters": Array [
                    "X",
                    "P",
                    "J",
                    "S",
                    "C",
                    "L",
                    "C",
                    "H",
                    "S",
                    "B",
                    "Q",
                    "V",
                    "E",
                    "G",
                    "G",
                    "V",
                    "U",
                    "A",
                    "C",
                    "Y",
                    "U",
                    "Q",
                    "E",
                    "F",
                    "U",
                    "X",
                    "T",
                    "B",
                    "E",
                    "N",
                    "M",
                    "J",
                    "G",
                    "G",
                    "U",
                    "C",
                    "S",
                    "B",
                    "I",
                    "H",
                    "H",
                    "N",
                    "S",
                    "E",
                    "S",
                    "Q",
                    "R",
                    "I",
                    "A",
                    "Q",
                    "G",
                    "S",
                    "G",
                    "L",
                    "I",
                    "E",
                    "T",
                    "V",
                    "Z",
                    "C",
                    "R",
                    "D",
                    "X",
                    "L",
                    "P",
                    "I",
                    "U",
                    "R",
                    "T",
                    "A",
                    "Z",
                    "G",
                    "H",
                    "T",
                    "B",
                    "D",
                    "A",
                    "I",
                    "N",
                    "F",
                    "E",
                    "M",
                    "L",
                    "F",
                    "E",
                    "A",
                    "L",
                    "U",
                    "A",
                    "D",
                    "D",
                    "D",
                    "R",
                    "V",
                    "H",
                    "R",
                    "M",
                    "S",
                    "R",
                    "E",
                    "L",
                    "R",
                    "R",
                    "E",
                    "I",
                    "E",
                    "L",
                    "X",
                    "L",
                    "E",
                    "I",
                    "M",
                    "R",
                    "B",
                    "E",
                    "U",
                    "R",
                    "M",
                    "E",
                    "O",
                    "C",
                    "Q",
                    "R",
                    "R",
                    "A",
                    "S",
                    "A",
                    "D",
                    "O",
                    "M",
                    "J",
                    "H",
                    "W",
                    "I",
                    "C",
                    "R",
                    "N",
                    "N",
                    "M",
                    "S",
                    "E",
                    "C",
                    "A",
                    "D",
                    "C",
                    "J",
                    "C",
                    "N",
                    "Y",
                    "U",
                    "D",
                    "S",
                    "A",
                    "V",
                    "S",
                    "N",
                    "N",
                    "B",
                    "L",
                    "U",
                    "E",
                    "S",
                    "S",
                    "E",
                    "K",
                    "U",
                    "I",
                    "I",
                    "P",
                    "R",
                    "S",
                    "R",
                    "G",
                    "X",
                    "V",
                    "R",
                    "R",
                    "X",
                    "R",
                    "L",
                    "D",
                    "L",
                  ],
                },
                "ref": null,
                "rendered": null,
                "type": [Function],
              },
              "type": "div",
            },
          ],
          "type": "div",
        },
      ],
      "type": "div",
    },
  ],
  Symbol(enzyme.__options__): Object {
    "adapter": ReactSixteenAdapter {
      "options": Object {
        "enableComponentDidUpdateOnSetState": true,
        "lifecycles": Object {
          "componentDidUpdate": Object {
            "onSetState": true,
          },
          "getDerivedStateFromProps": true,
          "getSnapshotBeforeUpdate": true,
          "setState": Object {
            "skipsComponentDidUpdateOnNullish": true,
          },
        },
      },
    },
    "attachTo": undefined,
    "hydrateIn": undefined,
  },
}
`;
